------------------------------------------------------------
TimeQuest Timing Analyzer Summary
------------------------------------------------------------

Type  : Slow 1100mV 85C Model Setup 'clk'
Slack : -60.086
TNS   : -1021.462

Type  : Slow 1100mV 85C Model Hold 'clk'
Slack : 0.260
TNS   : 0.000

Type  : Slow 1100mV 85C Model Minimum Pulse Width 'clk'
Slack : 9.383
TNS   : 0.000

Type  : Slow 1100mV 0C Model Setup 'clk'
Slack : -60.451
TNS   : -1027.667

Type  : Slow 1100mV 0C Model Hold 'clk'
Slack : 0.133
TNS   : 0.000

Type  : Slow 1100mV 0C Model Minimum Pulse Width 'clk'
Slack : 9.303
TNS   : 0.000

Type  : Fast 1100mV 85C Model Setup 'clk'
Slack : -25.525
TNS   : -433.925

Type  : Fast 1100mV 85C Model Hold 'clk'
Slack : 0.165
TNS   : 0.000

Type  : Fast 1100mV 85C Model Minimum Pulse Width 'clk'
Slack : 9.417
TNS   : 0.000

Type  : Fast 1100mV 0C Model Setup 'clk'
Slack : -22.225
TNS   : -377.825

Type  : Fast 1100mV 0C Model Hold 'clk'
Slack : 0.100
TNS   : 0.000

Type  : Fast 1100mV 0C Model Minimum Pulse Width 'clk'
Slack : 9.417
TNS   : 0.000

------------------------------------------------------------
